// Jest Snapshot v1, https://goo.gl/fbAQLP

exports[`Quote component matches snapshot 1`] = `null`;
